// Jest Snapshot v1, https://goo.gl/fbAQLP

exports[`Pruebas en GifGridItem Debe mostrar el componente correctamente  1`] = `
<div
  className="animate__animated animate__bounceInLeft"
>
  <img
    alt="titulo"
    src="https://localhost/algo.jpg"
  />
  <p>
    titulo
  </p>
</div>
`;
